dfdsfsdfsdf
{}
345243531 {}
345243531 {}
{"test": "hello"}
12335245124` | { "huhu": 12345 } 325341234
{"huhu"}
{"huhu": 45643}
234343243c {"huhu": 45643} 324324232
23452514312 | [SMRT-event] Huhu this is smart retry!
23452514312 | [STP-event] Huhu this is Smart Target Picking!
23452514312 | [JSON-event] {"huhu": "This is json event!"}
ERROR: this is an error!
23452514312 | CRITICAL: upsi wasn hier los?
[SMRT-event] Huhu this is smart retry without timestamp!
ERROR: this is an error!
